loaded 1268020 observations (10 genuine sites) in 41.9s; target=AugustDoorBell; trust_reference=627.5; exclude_non_global_ips=True
  count=200 days=20: vanilla=0.621(-) trust=0.068(-) indep=0.104(-) rwv=0.668(A) legit_v/t/i=0/17/16 [11.3s]
  count=200 days=40: vanilla=0.671(A) trust=0.118(-) indep=0.154(-) rwv=0.668(A) legit_v/t/i=0/17/16 [11.4s]
  count=200 days=80: vanilla=0.763(A) trust=0.210(-) indep=0.246(-) rwv=0.668(A) legit_v/t/i=0/17/16 [11.4s]
  count=200 days=120: vanilla=0.787(A) trust=0.234(-) indep=0.270(-) rwv=0.668(A) legit_v/t/i=0/17/13 [11.5s]
  count=200 days=140: vanilla=0.795(A) trust=0.243(-) indep=0.279(-) rwv=0.668(A) legit_v/t/i=0/16/13 [11.9s]
  count=200 days=180: vanilla=0.808(A) trust=0.255(-) indep=0.291(-) rwv=0.668(A) legit_v/t/i=0/14/13 [11.6s]
  count=200 days=250: vanilla=0.822(A) trust=0.269(-) indep=0.305(-) rwv=0.668(A) legit_v/t/i=0/13/8 [11.6s]
  count=200 days=400: vanilla=0.840(A) trust=0.287(-) indep=0.323(-) rwv=0.668(A) legit_v/t/i=0/8/1 [12.1s]
  count=400 days=20: vanilla=0.636(-) trust=0.087(-) indep=0.105(-) rwv=0.801(A) legit_v/t/i=0/17/16 [11.5s]
  count=400 days=40: vanilla=0.687(A) trust=0.137(-) indep=0.156(-) rwv=0.801(A) legit_v/t/i=0/17/16 [12.6s]
  count=400 days=80: vanilla=0.779(A) trust=0.230(-) indep=0.248(-) rwv=0.801(A) legit_v/t/i=0/17/16 [11.6s]
  count=400 days=120: vanilla=0.805(A) trust=0.256(-) indep=0.274(-) rwv=0.801(A) legit_v/t/i=0/15/13 [11.9s]
  count=400 days=140: vanilla=0.814(A) trust=0.265(-) indep=0.283(-) rwv=0.801(A) legit_v/t/i=0/13/13 [11.9s]
  count=400 days=180: vanilla=0.828(A) trust=0.278(-) indep=0.297(-) rwv=0.801(A) legit_v/t/i=0/13/13 [12.1s]
  count=400 days=250: vanilla=0.844(A) trust=0.294(-) indep=0.313(-) rwv=0.801(A) legit_v/t/i=0/13/8 [13.3s]
  count=400 days=400: vanilla=0.864(A) trust=0.315(-) indep=0.334(-) rwv=0.801(A) legit_v/t/i=0/1/1 [12.9s]
  count=800 days=20: vanilla=0.645(-) trust=0.120(-) indep=0.107(-) rwv=0.890(A) legit_v/t/i=0/16/16 [12.1s]
  count=800 days=40: vanilla=0.697(A) trust=0.172(-) indep=0.158(-) rwv=0.890(A) legit_v/t/i=0/16/16 [12.2s]
  count=800 days=80: vanilla=0.792(A) trust=0.267(-) indep=0.254(-) rwv=0.890(A) legit_v/t/i=0/14/16 [12.8s]
  count=800 days=120: vanilla=0.820(A) trust=0.295(-) indep=0.281(-) rwv=0.890(A) legit_v/t/i=0/13/13 [13.6s]
  count=800 days=140: vanilla=0.829(A) trust=0.305(-) indep=0.291(-) rwv=0.890(A) legit_v/t/i=0/13/13 [12.7s]
  count=800 days=180: vanilla=0.845(A) trust=0.320(-) indep=0.307(-) rwv=0.890(A) legit_v/t/i=0/13/13 [14.1s]
  count=800 days=250: vanilla=0.863(A) trust=0.339(-) indep=0.325(-) rwv=0.890(A) legit_v/t/i=0/2/8 [13.6s]
  count=800 days=400: vanilla=0.888(A) trust=0.363(-) indep=0.350(-) rwv=0.890(A) legit_v/t/i=0/0/0 [15.4s]
  count=1600 days=20: vanilla=0.651(A) trust=0.177(-) indep=0.109(-) rwv=0.942(A) legit_v/t/i=0/13/16 [14.0s]
  count=1600 days=40: vanilla=0.705(A) trust=0.231(-) indep=0.164(-) rwv=0.942(A) legit_v/t/i=0/13/16 [14.0s]
  count=1600 days=80: vanilla=0.804(A) trust=0.330(-) indep=0.263(-) rwv=0.942(A) legit_v/t/i=0/13/16 [14.7s]
  count=1600 days=120: vanilla=0.835(A) trust=0.361(-) indep=0.293(-) rwv=0.942(A) legit_v/t/i=0/13/13 [16.2s]
  count=1600 days=140: vanilla=0.846(A) trust=0.372(-) indep=0.305(-) rwv=0.942(A) legit_v/t/i=0/4/13 [16.9s]
  count=1600 days=180: vanilla=0.864(A) trust=0.389(-) indep=0.322(-) rwv=0.942(A) legit_v/t/i=0/1/13 [16.1s]
  count=1600 days=250: vanilla=0.885(A) trust=0.410(-) indep=0.343(-) rwv=0.942(A) legit_v/t/i=0/0/8 [17.9s]
  count=1600 days=400: vanilla=0.911(A) trust=0.437(-) indep=0.370(-) rwv=0.942(A) legit_v/t/i=0/0/0 [21.3s]
  count=2400 days=20: vanilla=0.655(A) trust=0.223(-) indep=0.112(-) rwv=0.960(A) legit_v/t/i=0/13/16 [17.0s]
  count=2400 days=40: vanilla=0.711(A) trust=0.280(-) indep=0.168(-) rwv=0.960(A) legit_v/t/i=0/13/16 [17.5s]
  count=2400 days=80: vanilla=0.813(A) trust=0.382(-) indep=0.270(-) rwv=0.960(A) legit_v/t/i=0/13/16 [18.2s]
  count=2400 days=120: vanilla=0.846(A) trust=0.414(-) indep=0.303(-) rwv=0.960(A) legit_v/t/i=0/1/13 [19.9s]
  count=2400 days=140: vanilla=0.858(A) trust=0.426(-) indep=0.315(-) rwv=0.960(A) legit_v/t/i=0/0/13 [20.4s]
  count=2400 days=180: vanilla=0.876(A) trust=0.444(-) indep=0.333(-) rwv=0.960(A) legit_v/t/i=0/0/13 [21.4s]
  count=2400 days=250: vanilla=0.898(A) trust=0.466(-) indep=0.355(-) rwv=0.960(A) legit_v/t/i=0/0/8 [22.8s]
  count=2400 days=400: vanilla=0.925(A) trust=0.493(-) indep=0.382(-) rwv=0.960(A) legit_v/t/i=0/0/0 [25.8s]
  count=3200 days=20: vanilla=0.658(A) trust=0.263(-) indep=0.115(-) rwv=0.970(A) legit_v/t/i=0/13/16 [21.9s]
  count=3200 days=40: vanilla=0.716(A) trust=0.321(-) indep=0.173(-) rwv=0.970(A) legit_v/t/i=0/13/16 [22.7s]
  count=3200 days=80: vanilla=0.821(A) trust=0.425(-) indep=0.277(-) rwv=0.970(A) legit_v/t/i=0/8/16 [24.2s]
  count=3200 days=120: vanilla=0.854(A) trust=0.459(-) indep=0.311(-) rwv=0.970(A) legit_v/t/i=0/0/13 [24.3s]
  count=3200 days=140: vanilla=0.866(A) trust=0.471(-) indep=0.323(-) rwv=0.970(A) legit_v/t/i=0/0/13 [26.2s]
  count=3200 days=180: vanilla=0.885(A) trust=0.489(-) indep=0.341(-) rwv=0.970(A) legit_v/t/i=0/0/13 [28.2s]
  count=3200 days=250: vanilla=0.907(A) trust=0.511(-) indep=0.363(-) rwv=0.970(A) legit_v/t/i=0/0/8 [29.5s]
  count=3200 days=400: vanilla=0.933(A) trust=0.538(-) indep=0.390(-) rwv=0.970(A) legit_v/t/i=0/0/0 [34.4s]
wrote 48 cells to outputs/tnsm_submission_2026/sybil_selected/sybil_sensitivity_surface.csv
{"label": "sybil_selected", "command": ["python3", "scripts/sybil_sensitivity_surface.py", "--config", "configs/ref_trust_hyperparams.yaml", "--observations", "data/processed/observations_enriched.csv", "--calibration-observations", "/root/Desktop/DIB_reframe/results/rwv_baseline/governance_bootstrap/calibration_observations.csv", "--output-dir", "outputs/tnsm_submission_2026/sybil_selected"], "returncode": 0, "elapsed_seconds": 846.2, "peak_rss_gb": 3.506}
