[0.002s][warning][perf,memops] Cannot use file /tmp/hsperfdata_root/5 because it is locked by another process (errno = 11)
TLC2 Version 2026.05.26.235334 (rev: 4ba7d88)
Running breadth-first search Model-Checking with fp 70 and seed 6565956646103723534 with 2 workers on 16 cores with 981MB heap and 64MB offheap memory [pid: 5] (Linux 6.8.12-18-pve amd64, Ubuntu 17.0.19 64bit, MSBDiskFPSet, DiskStateQueue).
Parsing file /root/Desktop/DIB_reframe/reproducibility/experiments/43_v35_lifecycle/formal/DIB_Distributed.tla
Parsing file /tmp/tlc-10008020102941646703/Naturals.tla (jar:file:/root/Desktop/BioDevOps/formal_artifacts/tools/tla2tools.jar!/tla2sany/StandardModules/Naturals.tla)
Parsing file /tmp/tlc-10008020102941646703/FiniteSets.tla (jar:file:/root/Desktop/BioDevOps/formal_artifacts/tools/tla2tools.jar!/tla2sany/StandardModules/FiniteSets.tla)
Parsing file /tmp/tlc-10008020102941646703/_TLCTrace.tla (jar:file:/root/Desktop/BioDevOps/formal_artifacts/tools/tla2tools.jar!/tla2sany/StandardModules/_TLCTrace.tla)
Parsing file /tmp/tlc-10008020102941646703/Sequences.tla (jar:file:/root/Desktop/BioDevOps/formal_artifacts/tools/tla2tools.jar!/tla2sany/StandardModules/Sequences.tla)
Parsing file /tmp/tlc-10008020102941646703/TLC.tla (jar:file:/root/Desktop/BioDevOps/formal_artifacts/tools/tla2tools.jar!/tla2sany/StandardModules/TLC.tla)
Parsing file /tmp/tlc-10008020102941646703/TLCExt.tla (jar:file:/root/Desktop/BioDevOps/formal_artifacts/tools/tla2tools.jar!/tla2sany/StandardModules/TLCExt.tla)
Parsing file /tmp/tlc-10008020102941646703/Integers.tla (jar:file:/root/Desktop/BioDevOps/formal_artifacts/tools/tla2tools.jar!/tla2sany/StandardModules/Integers.tla)
Semantic processing of module Naturals
Semantic processing of module Sequences
Semantic processing of module FiniteSets
Semantic processing of module TLC
Semantic processing of module Integers
Semantic processing of module TLCExt
Semantic processing of module _TLCTrace
Semantic processing of module DIB_Distributed
Linting of module TLCExt
Linting of module _TLCTrace
Linting of module DIB_Distributed
Starting... (2026-09-05 23:30:18)
Computing initial states...
Finished computing initial states: 2 distinct states generated at 2026-09-05 23:30:18.
Progress(12) at 2026-09-05 23:30:21: 570,354 states generated (570,354 s/min), 41,564 distinct states found (41,564 ds/min), 7,010 states left on queue.
Model checking completed. No error has been found.
  Estimates of the probability that TLC did not check all reachable states
  because two distinct states had the same fingerprint:
  calculated (optimistic):  val = 2.0E-9
  based on the actual fingerprints:  val = 8.8E-11
815335 states generated, 48960 distinct states found, 0 states left on queue.
The depth of the complete state graph search is 18.
The average outdegree of the complete state graph is 1 (minimum is 0, the maximum 16 and the 95th percentile is 8).
Finished in 04s at (2026-09-05 23:30:22)
