Picked up JAVA_TOOL_OPTIONS: -Xmx4g -XX:+UseParallelGC
TLC2 Version 2026.05.26.235334 (rev: 4ba7d88)
Running breadth-first search Model-Checking with fp 70 and seed 7346077757554854968 with 4 workers on 16 cores with 3641MB heap and 64MB offheap memory [pid: 372695] (Linux 6.8.12-18-pve amd64, Ubuntu 17.0.19 64bit, MSBDiskFPSet, DiskStateQueue).
Parsing file /tmp/tmp.CJ4DJa7diK/DIBMutant.tla
Parsing file /tmp/tlc-3093328559052091291/Naturals.tla (jar:file:/root/Desktop/BioDevOps/formal_methods/tla2tools.jar!/tla2sany/StandardModules/Naturals.tla)
Parsing file /tmp/tlc-3093328559052091291/FiniteSets.tla (jar:file:/root/Desktop/BioDevOps/formal_methods/tla2tools.jar!/tla2sany/StandardModules/FiniteSets.tla)
Parsing file /tmp/tlc-3093328559052091291/_TLCTrace.tla (jar:file:/root/Desktop/BioDevOps/formal_methods/tla2tools.jar!/tla2sany/StandardModules/_TLCTrace.tla)
Parsing file /tmp/tlc-3093328559052091291/Sequences.tla (jar:file:/root/Desktop/BioDevOps/formal_methods/tla2tools.jar!/tla2sany/StandardModules/Sequences.tla)
Parsing file /tmp/tlc-3093328559052091291/TLC.tla (jar:file:/root/Desktop/BioDevOps/formal_methods/tla2tools.jar!/tla2sany/StandardModules/TLC.tla)
Parsing file /tmp/tlc-3093328559052091291/TLCExt.tla (jar:file:/root/Desktop/BioDevOps/formal_methods/tla2tools.jar!/tla2sany/StandardModules/TLCExt.tla)
Parsing file /tmp/tlc-3093328559052091291/Integers.tla (jar:file:/root/Desktop/BioDevOps/formal_methods/tla2tools.jar!/tla2sany/StandardModules/Integers.tla)
Semantic processing of module Naturals
Semantic processing of module Sequences
Semantic processing of module FiniteSets
Semantic processing of module TLC
Semantic processing of module Integers
Semantic processing of module TLCExt
Semantic processing of module _TLCTrace
Semantic processing of module DIBMutant
Linting of module TLCExt
Linting of module _TLCTrace
Linting of module DIBMutant
Starting... (2026-09-05 15:28:54)
Computing initial states...
Computed 2 initial states...
Finished computing initial states: 4 distinct states generated at 2026-09-05 15:28:54.
Error: Invariant DisputeSuspendsEverywhere is violated.
Error: The behavior up to this point is:
State 1: <Initial predicate>
/\ grantValid = ( s1 :> (f1 :> FALSE @@ f2 :> FALSE) @@
  s2 :> (f1 :> FALSE @@ f2 :> FALSE) @@
  s3 :> (f1 :> FALSE @@ f2 :> FALSE) )
/\ state = ( s1 :> (f1 :> "Absent" @@ f2 :> "Absent") @@
  s2 :> (f1 :> "Absent" @@ f2 :> "Absent") @@
  s3 :> (f1 :> "Absent" @@ f2 :> "Absent") )
/\ exported = ( s1 :> (f1 :> FALSE @@ f2 :> FALSE) @@
  s2 :> (f1 :> FALSE @@ f2 :> FALSE) @@
  s3 :> (f1 :> FALSE @@ f2 :> FALSE) )
/\ revokeReason = ( s1 :> (f1 :> "None" @@ f2 :> "None") @@
  s2 :> (f1 :> "None" @@ f2 :> "None") @@
  s3 :> (f1 :> "None" @@ f2 :> "None") )
/\ lastOp = [op |-> "Init", site |-> none, fact |-> nofact]
/\ disputers = (f1 :> {} @@ f2 :> {})
/\ admissible = (f1 :> TRUE @@ f2 :> FALSE)

State 2: <Query(s1,f1) line 89, col 5 to line 94, col 26 of module DIBMutant>
/\ grantValid = ( s1 :> (f1 :> FALSE @@ f2 :> FALSE) @@
  s2 :> (f1 :> FALSE @@ f2 :> FALSE) @@
  s3 :> (f1 :> FALSE @@ f2 :> FALSE) )
/\ state = ( s1 :> (f1 :> "MonitorOnly" @@ f2 :> "Absent") @@
  s2 :> (f1 :> "Absent" @@ f2 :> "Absent") @@
  s3 :> (f1 :> "Absent" @@ f2 :> "Absent") )
/\ exported = ( s1 :> (f1 :> FALSE @@ f2 :> FALSE) @@
  s2 :> (f1 :> FALSE @@ f2 :> FALSE) @@
  s3 :> (f1 :> FALSE @@ f2 :> FALSE) )
/\ revokeReason = ( s1 :> (f1 :> "None" @@ f2 :> "None") @@
  s2 :> (f1 :> "None" @@ f2 :> "None") @@
  s3 :> (f1 :> "None" @@ f2 :> "None") )
/\ lastOp = [op |-> "Query", site |-> s1, fact |-> f1]
/\ disputers = (f1 :> {} @@ f2 :> {})
/\ admissible = (f1 :> TRUE @@ f2 :> FALSE)

State 3: <LocalRevoke(s1,f1) line 171, col 5 to line 177, col 32 of module DIBMutant>
/\ grantValid = ( s1 :> (f1 :> FALSE @@ f2 :> FALSE) @@
  s2 :> (f1 :> FALSE @@ f2 :> FALSE) @@
  s3 :> (f1 :> FALSE @@ f2 :> FALSE) )
/\ state = ( s1 :> (f1 :> "Revoked" @@ f2 :> "Absent") @@
  s2 :> (f1 :> "Absent" @@ f2 :> "Absent") @@
  s3 :> (f1 :> "Absent" @@ f2 :> "Absent") )
/\ exported = ( s1 :> (f1 :> FALSE @@ f2 :> FALSE) @@
  s2 :> (f1 :> FALSE @@ f2 :> FALSE) @@
  s3 :> (f1 :> FALSE @@ f2 :> FALSE) )
/\ revokeReason = ( s1 :> (f1 :> "Local" @@ f2 :> "None") @@
  s2 :> (f1 :> "None" @@ f2 :> "None") @@
  s3 :> (f1 :> "None" @@ f2 :> "None") )
/\ lastOp = [op |-> "LocalRevoke", site |-> s1, fact |-> f1]
/\ disputers = (f1 :> {} @@ f2 :> {})
/\ admissible = (f1 :> TRUE @@ f2 :> FALSE)

State 4: <Dispute(s1,f1) line 123, col 5 to line 139, col 28 of module DIBMutant>
/\ grantValid = ( s1 :> (f1 :> FALSE @@ f2 :> FALSE) @@
  s2 :> (f1 :> FALSE @@ f2 :> FALSE) @@
  s3 :> (f1 :> FALSE @@ f2 :> FALSE) )
/\ state = ( s1 :> (f1 :> "Revoked" @@ f2 :> "Absent") @@
  s2 :> (f1 :> "Absent" @@ f2 :> "Absent") @@
  s3 :> (f1 :> "Absent" @@ f2 :> "Absent") )
/\ exported = ( s1 :> (f1 :> FALSE @@ f2 :> FALSE) @@
  s2 :> (f1 :> FALSE @@ f2 :> FALSE) @@
  s3 :> (f1 :> FALSE @@ f2 :> FALSE) )
/\ revokeReason = ( s1 :> (f1 :> "Local" @@ f2 :> "None") @@
  s2 :> (f1 :> "None" @@ f2 :> "None") @@
  s3 :> (f1 :> "None" @@ f2 :> "None") )
/\ lastOp = [op |-> "Dispute", site |-> s1, fact |-> f1]
/\ disputers = (f1 :> {s1} @@ f2 :> {})
/\ admissible = (f1 :> TRUE @@ f2 :> FALSE)

State 5: <LocalRestore(s1,f1) line 180, col 5 to line 185, col 33 of module DIBMutant>
/\ grantValid = ( s1 :> (f1 :> FALSE @@ f2 :> FALSE) @@
  s2 :> (f1 :> FALSE @@ f2 :> FALSE) @@
  s3 :> (f1 :> FALSE @@ f2 :> FALSE) )
/\ state = ( s1 :> (f1 :> "MonitorOnly" @@ f2 :> "Absent") @@
  s2 :> (f1 :> "Absent" @@ f2 :> "Absent") @@
  s3 :> (f1 :> "Absent" @@ f2 :> "Absent") )
/\ exported = ( s1 :> (f1 :> FALSE @@ f2 :> FALSE) @@
  s2 :> (f1 :> FALSE @@ f2 :> FALSE) @@
  s3 :> (f1 :> FALSE @@ f2 :> FALSE) )
/\ revokeReason = ( s1 :> (f1 :> "None" @@ f2 :> "None") @@
  s2 :> (f1 :> "None" @@ f2 :> "None") @@
  s3 :> (f1 :> "None" @@ f2 :> "None") )
/\ lastOp = [op |-> "LocalRestore", site |-> s1, fact |-> f1]
/\ disputers = (f1 :> {s1} @@ f2 :> {})
/\ admissible = (f1 :> TRUE @@ f2 :> FALSE)

17634 states generated, 3551 distinct states found, 2930 states left on queue.
The depth of the complete state graph search is 5.
Finished in 01s at (2026-09-05 15:28:55)
Trace exploration spec path: /tmp/tmp.CJ4DJa7diK/DIBMutant_TTrace_1788614934.tla
